version: 2
jobs:
  dockerfm-build-testman/testproject_base_alpine:
    docker:
    - image: circleci/python:3.6.4
    steps:
    - checkout
    - setup_remote_docker
    - run: docker build -t testman/testproject_base_alpine:latest ./dockerfm/base/alpine
    - run: echo "$DOCKERHUB_PASS" | docker login -u "$DOCKERHUB_USERNAME" --password-stdin
    - run: docker push testman/testproject_base_alpine:latest
    - run: python dockerfm/pushreadme.py testman/testproject_base_alpine ./dockerfm/base/alpine/README.md
  dockerfm-build-testman/testproject_compose_alpine1:
    docker:
    - image: circleci/python:3.6.4
    steps:
    - checkout
    - setup_remote_docker
    - run: docker build -t testman/testproject_compose_alpine1:latest ./dockerfm/compose/alpine1
    - run: echo "$DOCKERHUB_PASS" | docker login -u "$DOCKERHUB_USERNAME" --password-stdin
    - run: docker push testman/testproject_compose_alpine1:latest
    - run: python dockerfm/pushreadme.py testman/testproject_compose_alpine1 ./dockerfm/compose/alpine1/README.md
  dockerfm-build-testman/testproject_compose_alpine2:
    docker:
    - image: circleci/python:3.6.4
    steps:
    - checkout
    - setup_remote_docker
    - run: docker build -t testman/testproject_compose_alpine2:latest ./dockerfm/compose/alpine2
    - run: echo "$DOCKERHUB_PASS" | docker login -u "$DOCKERHUB_USERNAME" --password-stdin
    - run: docker push testman/testproject_compose_alpine2:latest
    - run: python dockerfm/pushreadme.py testman/testproject_compose_alpine2 ./dockerfm/compose/alpine2/README.md
workflows:
  version: 2
  build_and_test:
    jobs:
    - dockerfm-build-testman/testproject_base_alpine
    - dockerfm-build-testman/testproject_compose_alpine1
    - dockerfm-build-testman/testproject_compose_alpine2
